// Jest Snapshot v1, https://goo.gl/fbAQLP

exports[`ProductsStage renders correctly 1`] = `null`;
